Archive member included to satisfy reference by file (symbol)

c:/st/stm32cubeide_1.8.0/stm32cubeide/plugins/com.st.stm32cube.ide.mcu.externaltools.gnu-tools-for-stm32.9-2020-q2-update.win32_2.0.0.202105311346/tools/bin/../lib/gcc/arm-none-eabi/9.3.1/../../../../arm-none-eabi/lib/thumb/v7e-m/nofp\libc_nano.a(lib_a-errno.o)
                              ./Core/Src/syscalls.o (__errno)
c:/st/stm32cubeide_1.8.0/stm32cubeide/plugins/com.st.stm32cube.ide.mcu.externaltools.gnu-tools-for-stm32.9-2020-q2-update.win32_2.0.0.202105311346/tools/bin/../lib/gcc/arm-none-eabi/9.3.1/../../../../arm-none-eabi/lib/thumb/v7e-m/nofp\libc_nano.a(lib_a-exit.o)
                              c:/st/stm32cubeide_1.8.0/stm32cubeide/plugins/com.st.stm32cube.ide.mcu.externaltools.gnu-tools-for-stm32.9-2020-q2-update.win32_2.0.0.202105311346/tools/bin/../lib/gcc/arm-none-eabi/9.3.1/../../../../arm-none-eabi/lib/thumb/v7e-m/nofp/crt0.o (exit)
c:/st/stm32cubeide_1.8.0/stm32cubeide/plugins/com.st.stm32cube.ide.mcu.externaltools.gnu-tools-for-stm32.9-2020-q2-update.win32_2.0.0.202105311346/tools/bin/../lib/gcc/arm-none-eabi/9.3.1/../../../../arm-none-eabi/lib/thumb/v7e-m/nofp\libc_nano.a(lib_a-impure.o)
                              c:/st/stm32cubeide_1.8.0/stm32cubeide/plugins/com.st.stm32cube.ide.mcu.externaltools.gnu-tools-for-stm32.9-2020-q2-update.win32_2.0.0.202105311346/tools/bin/../lib/gcc/arm-none-eabi/9.3.1/../../../../arm-none-eabi/lib/thumb/v7e-m/nofp\libc_nano.a(lib_a-exit.o) (_global_impure_ptr)
c:/st/stm32cubeide_1.8.0/stm32cubeide/plugins/com.st.stm32cube.ide.mcu.externaltools.gnu-tools-for-stm32.9-2020-q2-update.win32_2.0.0.202105311346/tools/bin/../lib/gcc/arm-none-eabi/9.3.1/../../../../arm-none-eabi/lib/thumb/v7e-m/nofp\libc_nano.a(lib_a-init.o)
                              c:/st/stm32cubeide_1.8.0/stm32cubeide/plugins/com.st.stm32cube.ide.mcu.externaltools.gnu-tools-for-stm32.9-2020-q2-update.win32_2.0.0.202105311346/tools/bin/../lib/gcc/arm-none-eabi/9.3.1/../../../../arm-none-eabi/lib/thumb/v7e-m/nofp/crt0.o (__libc_init_array)
c:/st/stm32cubeide_1.8.0/stm32cubeide/plugins/com.st.stm32cube.ide.mcu.externaltools.gnu-tools-for-stm32.9-2020-q2-update.win32_2.0.0.202105311346/tools/bin/../lib/gcc/arm-none-eabi/9.3.1/../../../../arm-none-eabi/lib/thumb/v7e-m/nofp\libc_nano.a(lib_a-memset.o)
                              c:/st/stm32cubeide_1.8.0/stm32cubeide/plugins/com.st.stm32cube.ide.mcu.externaltools.gnu-tools-for-stm32.9-2020-q2-update.win32_2.0.0.202105311346/tools/bin/../lib/gcc/arm-none-eabi/9.3.1/../../../../arm-none-eabi/lib/thumb/v7e-m/nofp/crt0.o (memset)
c:/st/stm32cubeide_1.8.0/stm32cubeide/plugins/com.st.stm32cube.ide.mcu.externaltools.gnu-tools-for-stm32.9-2020-q2-update.win32_2.0.0.202105311346/tools/bin/../lib/gcc/arm-none-eabi/9.3.1/../../../../arm-none-eabi/lib/thumb/v7e-m/nofp\libc_nano.a(lib_a-putchar.o)
                              ./Drivers/u8g2/cscr/u8x8_d_stdio.o (putchar)
c:/st/stm32cubeide_1.8.0/stm32cubeide/plugins/com.st.stm32cube.ide.mcu.externaltools.gnu-tools-for-stm32.9-2020-q2-update.win32_2.0.0.202105311346/tools/bin/../lib/gcc/arm-none-eabi/9.3.1/../../../../arm-none-eabi/lib/thumb/v7e-m/nofp\libc_nano.a(lib_a-findfp.o)
                              c:/st/stm32cubeide_1.8.0/stm32cubeide/plugins/com.st.stm32cube.ide.mcu.externaltools.gnu-tools-for-stm32.9-2020-q2-update.win32_2.0.0.202105311346/tools/bin/../lib/gcc/arm-none-eabi/9.3.1/../../../../arm-none-eabi/lib/thumb/v7e-m/nofp\libc_nano.a(lib_a-putchar.o) (__sinit)
c:/st/stm32cubeide_1.8.0/stm32cubeide/plugins/com.st.stm32cube.ide.mcu.externaltools.gnu-tools-for-stm32.9-2020-q2-update.win32_2.0.0.202105311346/tools/bin/../lib/gcc/arm-none-eabi/9.3.1/../../../../arm-none-eabi/lib/thumb/v7e-m/nofp\libc_nano.a(lib_a-fwalk.o)
                              c:/st/stm32cubeide_1.8.0/stm32cubeide/plugins/com.st.stm32cube.ide.mcu.externaltools.gnu-tools-for-stm32.9-2020-q2-update.win32_2.0.0.202105311346/tools/bin/../lib/gcc/arm-none-eabi/9.3.1/../../../../arm-none-eabi/lib/thumb/v7e-m/nofp\libc_nano.a(lib_a-findfp.o) (_fwalk)
c:/st/stm32cubeide_1.8.0/stm32cubeide/plugins/com.st.stm32cube.ide.mcu.externaltools.gnu-tools-for-stm32.9-2020-q2-update.win32_2.0.0.202105311346/tools/bin/../lib/gcc/arm-none-eabi/9.3.1/../../../../arm-none-eabi/lib/thumb/v7e-m/nofp\libc_nano.a(lib_a-lock.o)
                              c:/st/stm32cubeide_1.8.0/stm32cubeide/plugins/com.st.stm32cube.ide.mcu.externaltools.gnu-tools-for-stm32.9-2020-q2-update.win32_2.0.0.202105311346/tools/bin/../lib/gcc/arm-none-eabi/9.3.1/../../../../arm-none-eabi/lib/thumb/v7e-m/nofp\libc_nano.a(lib_a-findfp.o) (__retarget_lock_init_recursive)
c:/st/stm32cubeide_1.8.0/stm32cubeide/plugins/com.st.stm32cube.ide.mcu.externaltools.gnu-tools-for-stm32.9-2020-q2-update.win32_2.0.0.202105311346/tools/bin/../lib/gcc/arm-none-eabi/9.3.1/../../../../arm-none-eabi/lib/thumb/v7e-m/nofp\libc_nano.a(lib_a-nano-mallocr.o)
[...]
Memory Configuration

Name             Origin             Length             Attributes
RAM1             0x0000000020000000 0x0000000000008000 xrw
RAM2             0x0000000020008000 0x0000000000008000 xrw
FLASH            0x0000000008000000 0x0000000000040000 xr
*default*        0x0000000000000000 0xffffffffffffffff

Linker script and memory map

LOAD c:/st/stm32cubeide_1.8.0/stm32cubeide/plugins/com.st.stm32cube.ide.mcu.externaltools.gnu-tools-for-stm32.9-2020-q2-update.win32_2.0.0.202105311346/tools/bin/../lib/gcc/arm-none-eabi/9.3.1/thumb/v7e-m/nofp/crti.o
LOAD c:/st/stm32cubeide_1.8.0/stm32cubeide/plugins/com.st.stm32cube.ide.mcu.externaltools.gnu-tools-for-stm32.9-2020-q2-update.win32_2.0.0.202105311346/tools/bin/../lib/gcc/arm-none-eabi/9.3.1/thumb/v7e-m/nofp/crtbegin.o
LOAD c:/st/stm32cubeide_1.8.0/stm32cubeide/plugins/com.st.stm32cube.ide.mcu.externaltools.gnu-tools-for-stm32.9-2020-q2-update.win32_2.0.0.202105311346/tools/bin/../lib/gcc/arm-none-eabi/9.3.1/../../../../arm-none-eabi/lib/thumb/v7e-m/nofp/crt0.o
LOAD ./Core/Src/ST7920_SERIAL.o
LOAD ./Core/Src/delay.o
LOAD ./Core/Src/gpio.o
LOAD ./Core/Src/main.o
LOAD ./Core/Src/stm32wlxx_hal_msp.o
LOAD ./Core/Src/stm32wlxx_it.o
LOAD ./Core/Src/syscalls.o
LOAD ./Core/Src/sysmem.o
LOAD ./Core/Src/system_stm32wlxx.o
LOAD ./Core/Src/tim.o
LOAD ./Core/Startup/startup_stm32wle5jcix.o
LOAD ./Drivers/STM32WLxx_HAL_Driver/Src/stm32wlxx_hal.o
LOAD ./Drivers/STM32WLxx_HAL_Driver/Src/stm32wlxx_hal_cortex.o
LOAD ./Drivers/STM32WLxx_HAL_Driver/Src/stm32wlxx_hal_dma.o
LOAD ./Drivers/STM32WLxx_HAL_Driver/Src/stm32wlxx_hal_dma_ex.o
LOAD ./Drivers/STM32WLxx_HAL_Driver/Src/stm32wlxx_hal_exti.o
LOAD ./Drivers/STM32WLxx_HAL_Driver/Src/stm32wlxx_hal_flash.o
LOAD ./Drivers/STM32WLxx_HAL_Driver/Src/stm32wlxx_hal_flash_ex.o
LOAD ./Drivers/STM32WLxx_HAL_Driver/Src/stm32wlxx_hal_gpio.o
LOAD ./Drivers/STM32WLxx_HAL_Driver/Src/stm32wlxx_hal_pwr.o
LOAD ./Drivers/STM32WLxx_HAL_Driver/Src/stm32wlxx_hal_pwr_ex.o
LOAD ./Drivers/STM32WLxx_HAL_Driver/Src/stm32wlxx_hal_rcc.o
LOAD ./Drivers/STM32WLxx_HAL_Driver/Src/stm32wlxx_hal_rcc_ex.o
LOAD ./Drivers/STM32WLxx_HAL_Driver/Src/stm32wlxx_hal_tim.o
LOAD ./Drivers/STM32WLxx_HAL_Driver/Src/stm32wlxx_hal_tim_ex.o
LOAD ./Drivers/u8g2/cscr/u8g2_bitmap.o
LOAD ./Drivers/u8g2/cscr/u8g2_box.o
LOAD ./Drivers/u8g2/cscr/u8g2_buffer.o
LOAD ./Drivers/u8g2/cscr/u8g2_circle.o
LOAD ./Drivers/u8g2/cscr/u8g2_cleardisplay.o
LOAD ./Drivers/u8g2/cscr/u8g2_d_memory.o
LOAD ./Drivers/u8g2/cscr/u8g2_d_setup.o
LOAD ./Drivers/u8g2/cscr/u8g2_font.o
LOAD ./Drivers/u8g2/cscr/u8g2_fonts.o
LOAD ./Drivers/u8g2/cscr/u8g2_hvline.o
LOAD ./Drivers/u8g2/cscr/u8g2_input_value.o
LOAD ./Drivers/u8g2/cscr/u8g2_intersection.o
LOAD ./Drivers/u8g2/cscr/u8g2_kerning.o
LOAD ./Drivers/u8g2/cscr/u8g2_line.o
LOAD ./Drivers/u8g2/cscr/u8g2_ll_hvline.o
LOAD ./Drivers/u8g2/cscr/u8g2_message.o
LOAD ./Drivers/u8g2/cscr/u8g2_polygon.o
LOAD ./Drivers/u8g2/cscr/u8g2_selection_list.o
LOAD ./Drivers/u8g2/cscr/u8g2_setup.o
LOAD ./Drivers/u8g2/cscr/u8x8_8x8.o
LOAD ./Drivers/u8g2/cscr/u8x8_byte.o
LOAD ./Drivers/u8g2/cscr/u8x8_cad.o
LOAD ./Drivers/u8g2/cscr/u8x8_d_a2printer.o
LOAD ./Drivers/u8g2/cscr/u8x8_d_il3820_296x128.o
LOAD ./Drivers/u8g2/cscr/u8x8_d_ist3020.o
LOAD ./Drivers/u8g2/cscr/u8x8_d_ks0108.o
LOAD ./Drivers/u8g2/cscr/u8x8_d_lc7981.o
LOAD ./Drivers/u8g2/cscr/u8x8_d_ld7032_60x32.o
LOAD ./Drivers/u8g2/cscr/u8x8_d_ls013b7dh03.o
LOAD ./Drivers/u8g2/cscr/u8x8_d_max7219.o
LOAD ./Drivers/u8g2/cscr/u8x8_d_pcd8544_84x48.o
LOAD ./Drivers/u8g2/cscr/u8x8_d_pcf8812.o
LOAD ./Drivers/u8g2/cscr/u8x8_d_sbn1661.o
LOAD ./Drivers/u8g2/cscr/u8x8_d_sed1330.o
LOAD ./Drivers/u8g2/cscr/u8x8_d_sh1107.o
LOAD ./Drivers/u8g2/cscr/u8x8_d_ssd1305.o
LOAD ./Drivers/u8g2/cscr/u8x8_d_ssd1306_128x32.o
LOAD ./Drivers/u8g2/cscr/u8x8_d_ssd1306_128x64_noname.o
LOAD ./Drivers/u8g2/cscr/u8x8_d_ssd1306_64x32.o
LOAD ./Drivers/u8g2/cscr/u8x8_d_ssd1306_64x48.o
LOAD ./Drivers/u8g2/cscr/u8x8_d_ssd1306_96x16.o
LOAD ./Drivers/u8g2/cscr/u8x8_d_ssd1309.o
LOAD ./Drivers/u8g2/cscr/u8x8_d_ssd1322.o
LOAD ./Drivers/u8g2/cscr/u8x8_d_ssd1325.o
LOAD ./Drivers/u8g2/cscr/u8x8_d_ssd1326.o
LOAD ./Drivers/u8g2/cscr/u8x8_d_ssd1327.o
LOAD ./Drivers/u8g2/cscr/u8x8_d_ssd1329.o
LOAD ./Drivers/u8g2/cscr/u8x8_d_ssd1606_172x72.o
LOAD ./Drivers/u8g2/cscr/u8x8_d_ssd1607_200x200.o
LOAD ./Drivers/u8g2/cscr/u8x8_d_st75256.o
LOAD ./Drivers/u8g2/cscr/u8x8_d_st7565.o
LOAD ./Drivers/u8g2/cscr/u8x8_d_st7567.o
LOAD ./Drivers/u8g2/cscr/u8x8_d_st7588.o
LOAD ./Drivers/u8g2/cscr/u8x8_d_st7920.o
LOAD ./Drivers/u8g2/cscr/u8x8_d_stdio.o
LOAD ./Drivers/u8g2/cscr/u8x8_d_t6963.o
LOAD ./Drivers/u8g2/cscr/u8x8_d_uc1601.o
LOAD ./Drivers/u8g2/cscr/u8x8_d_uc1604.o
LOAD ./Drivers/u8g2/cscr/u8x8_d_uc1608.o
LOAD ./Drivers/u8g2/cscr/u8x8_d_uc1610.o
LOAD ./Drivers/u8g2/cscr/u8x8_d_uc1611.o
LOAD ./Drivers/u8g2/cscr/u8x8_d_uc1617.o
LOAD ./Drivers/u8g2/cscr/u8x8_d_uc1638.o
LOAD ./Drivers/u8g2/cscr/u8x8_d_uc1701_dogs102.o
LOAD ./Drivers/u8g2/cscr/u8x8_d_uc1701_mini12864.o
LOAD ./Drivers/u8g2/cscr/u8x8_debounce.o
LOAD ./Drivers/u8g2/cscr/u8x8_display.o
LOAD ./Drivers/u8g2/cscr/u8x8_fonts.o
LOAD ./Drivers/u8g2/cscr/u8x8_gpio.o
LOAD ./Drivers/u8g2/cscr/u8x8_input_value.o
LOAD ./Drivers/u8g2/cscr/u8x8_message.o
LOAD ./Drivers/u8g2/cscr/u8x8_selection_list.o
LOAD ./Drivers/u8g2/cscr/u8x8_setup.o
LOAD ./Drivers/u8g2/cscr/u8x8_string.o
LOAD ./Drivers/u8g2/cscr/u8x8_u16toa.o
LOAD ./Drivers/u8g2/cscr/u8x8_u8toa.o
START GROUP
LOAD c:/st/stm32cubeide_1.8.0/stm32cubeide/plugins/com.st.stm32cube.ide.mcu.externaltools.gnu-tools-for-stm32.9-2020-q2-update.win32_2.0.0.202105311346/tools/bin/../lib/gcc/arm-none-eabi/9.3.1/../../../../arm-none-eabi/lib/thumb/v7e-m/nofp\libc_nano.a
LOAD c:/st/stm32cubeide_1.8.0/stm32cubeide/plugins/com.st.stm32cube.ide.mcu.externaltools.gnu-tools-for-stm32.9-2020-q2-update.win32_2.0.0.202105311346/tools/bin/../lib/gcc/arm-none-eabi/9.3.1/../../../../arm-none-eabi/lib/thumb/v7e-m/nofp\libm.a
END GROUP
START GROUP
LOAD c:/st/stm32cubeide_1.8.0/stm32cubeide/plugins/com.st.stm32cube.ide.mcu.externaltools.gnu-tools-for-stm32.9-2020-q2-update.win32_2.0.0.202105311346/tools/bin/../lib/gcc/arm-none-eabi/9.3.1/thumb/v7e-m/nofp\libgcc.a
LOAD c:/st/stm32cubeide_1.8.0/stm32cubeide/plugins/com.st.stm32cube.ide.mcu.externaltools.gnu-tools-for-stm32.9-2020-q2-update.win32_2.0.0.202105311346/tools/bin/../lib/gcc/arm-none-eabi/9.3.1/../../../../arm-none-eabi/lib/thumb/v7e-m/nofp\libc_nano.a
END GROUP
START GROUP
LOAD c:/st/stm32cubeide_1.8.0/stm32cubeide/plugins/com.st.stm32cube.ide.mcu.externaltools.gnu-tools-for-stm32.9-2020-q2-update.win32_2.0.0.202105311346/tools/bin/../lib/gcc/arm-none-eabi/9.3.1/thumb/v7e-m/nofp\libgcc.a
LOAD c:/st/stm32cubeide_1.8.0/stm32cubeide/plugins/com.st.stm32cube.ide.mcu.externaltools.gnu-tools-for-stm32.9-2020-q2-update.win32_2.0.0.202105311346/tools/bin/../lib/gcc/arm-none-eabi/9.3.1/../../../../arm-none-eabi/lib/thumb/v7e-m/nofp\libc_nano.a
LOAD c:/st/stm32cubeide_1.8.0/stm32cubeide/plugins/com.st.stm32cube.ide.mcu.externaltools.gnu-tools-for-stm32.9-2020-q2-update.win32_2.0.0.202105311346/tools/bin/../lib/gcc/arm-none-eabi/9.3.1/../../../../arm-none-eabi/lib/thumb/v7e-m/nofp\libnosys.a
END GROUP
START GROUP
LOAD c:/st/stm32cubeide_1.8.0/stm32cubeide/plugins/com.st.stm32cube.ide.mcu.externaltools.gnu-tools-for-stm32.9-2020-q2-update.win32_2.0.0.202105311346/tools/bin/../lib/gcc/arm-none-eabi/9.3.1/thumb/v7e-m/nofp\libgcc.a
LOAD c:/st/stm32cubeide_1.8.0/stm32cubeide/plugins/com.st.stm32cube.ide.mcu.externaltools.gnu-tools-for-stm32.9-2020-q2-update.win32_2.0.0.202105311346/tools/bin/../lib/gcc/arm-none-eabi/9.3.1/../../../../arm-none-eabi/lib/thumb/v7e-m/nofp\libc_nano.a
LOAD c:/st/stm32cubeide_1.8.0/stm32cubeide/plugins/com.st.stm32cube.ide.mcu.externaltools.gnu-tools-for-stm32.9-2020-q2-update.win32_2.0.0.202105311346/tools/bin/../lib/gcc/arm-none-eabi/9.3.1/../../../../arm-none-eabi/lib/thumb/v7e-m/nofp\libnosys.a
END GROUP
LOAD c:/st/stm32cubeide_1.8.0/stm32cubeide/plugins/com.st.stm32cube.ide.mcu.externaltools.gnu-tools-for-stm32.9-2020-q2-update.win32_2.0.0.202105311346/tools/bin/../lib/gcc/arm-none-eabi/9.3.1/thumb/v7e-m/nofp/crtend.o
LOAD c:/st/stm32cubeide_1.8.0/stm32cubeide/plugins/com.st.stm32cube.ide.mcu.externaltools.gnu-tools-for-stm32.9-2020-q2-update.win32_2.0.0.202105311346/tools/bin/../lib/gcc/arm-none-eabi/9.3.1/thumb/v7e-m/nofp/crtn.o
                0x0000000020008000                _estack = (ORIGIN (RAM1) + LENGTH (RAM1))
                0x0000000000000200                _Min_Heap_Size = 0x200
                0x0000000000000400                _Min_Stack_Size = 0x400

.isr_vector     0x0000000008000000      0x138
                0x0000000008000000                . = ALIGN (0x4)
 *(.isr_vector)
 .isr_vector    0x0000000008000000      0x138 ./Core/Startup/startup_stm32wle5jcix.o
                0x0000000008000000                g_pfnVectors
                0x0000000008000138                . = ALIGN (0x4)

.text           0x0000000008000138     0x20b0
                0x0000000008000138                . = ALIGN (0x4)
 *(.text)
 .text          0x0000000008000138       0x40 c:/st/stm32cubeide_1.8.0/stm32cubeide/plugins/com.st.stm32cube.ide.mcu.externaltools.gnu-tools-for-stm32.9-2020-q2-update.win32_2.0.0.202105311346/tools/bin/../lib/gcc/arm-none-eabi/9.3.1/thumb/v7e-m/nofp/crtbegin.o
 *(.text*)
 .text.delay_us
                0x0000000008000178       0x14 ./Core/Src/delay.o
                0x0000000008000178                delay_us
 .text.LL_AHB2_GRP1_EnableClock
                0x000000000800018c       0x18 ./Core/Src/gpio.o
 .text.MX_GPIO_Init
                0x00000000080001a4       0x74 ./Core/Src/gpio.o
                0x00000000080001a4                MX_GPIO_Init
 .text.u8g2_gpio_and_delay_stm32
                0x0000000008000218       0xb8 ./Core/Src/main.o
                0x0000000008000218                u8g2_gpio_and_delay_stm32
 .text.SystemClock_Config
                0x00000000080002d0       0x8c ./Core/Src/main.o
                0x00000000080002d0                SystemClock_Config
 .text.startup.main
                0x000000000800035c      0x114 ./Core/Src/main.o
                0x000000000800035c                main
 .text.Error_Handler
                0x0000000008000470        0x4 ./Core/Src/main.o
                0x0000000008000470                Error_Handler
 .text.HAL_MspInit
                0x0000000008000474        0x2 ./Core/Src/stm32wlxx_hal_msp.o
                0x0000000008000474                HAL_MspInit
 .text.NMI_Handler
                0x0000000008000476        0x2 ./Core/Src/stm32wlxx_it.o
                0x0000000008000476                NMI_Handler
 .text.HardFault_Handler
                0x0000000008000478        0x2 ./Core/Src/stm32wlxx_it.o
                0x0000000008000478                HardFault_Handler
 .text.MemManage_Handler
                0x000000000800047a        0x2 ./Core/Src/stm32wlxx_it.o
                0x000000000800047a                MemManage_Handler
 .text.BusFault_Handler
                0x000000000800047c        0x2 ./Core/Src/stm32wlxx_it.o
                0x000000000800047c                BusFault_Handler
 .text.UsageFault_Handler
                0x000000000800047e        0x2 ./Core/Src/stm32wlxx_it.o
                0x000000000800047e                UsageFault_Handler
 .text.SVC_Handler
                0x0000000008000480        0x2 ./Core/Src/stm32wlxx_it.o
                0x0000000008000480                SVC_Handler
 .text.DebugMon_Handler
                0x0000000008000482        0x2 ./Core/Src/stm32wlxx_it.o
                0x0000000008000482                DebugMon_Handler
 .text.PendSV_Handler
                0x0000000008000484        0x2 ./Core/Src/stm32wlxx_it.o
                0x0000000008000484                PendSV_Handler
 .text.SysTick_Handler
                0x0000000008000486        0x4 ./Core/Src/stm32wlxx_it.o
                0x0000000008000486                SysTick_Handler
 .text.SystemInit
                0x000000000800048a        0x2 ./Core/Src/system_stm32wlxx.o
                0x000000000800048a                SystemInit
 .text.MX_TIM1_Init
                0x000000000800048c       0x74 ./Core/Src/tim.o
                0x000000000800048c                MX_TIM1_Init
 .text.HAL_TIM_Base_MspInit
                0x0000000008000500       0x28 ./Core/Src/tim.o
                0x0000000008000500                HAL_TIM_Base_MspInit
 .text.Reset_Handler
                0x0000000008000528       0x50 ./Core/Startup/startup_stm32wle5jcix.o
                0x0000000008000528                Reset_Handler
 .text.Default_Handler
                0x0000000008000578        0x2 ./Core/Startup/startup_stm32wle5jcix.o
                0x0000000008000578                RTC_Alarm_IRQHandler
                0x0000000008000578                EXTI2_IRQHandler
                0x0000000008000578                TIM1_CC_IRQHandler
                0x0000000008000578                EXTI3_IRQHandler
                0x0000000008000578                LPTIM2_IRQHandler
                0x0000000008000578                I2C3_ER_IRQHandler
                0x0000000008000578                LPTIM3_IRQHandler
                0x0000000008000578                EXTI0_IRQHandler
                0x0000000008000578                I2C2_EV_IRQHandler
                0x0000000008000578                TAMP_STAMP_LSECSS_SSRU_IRQHandler
                0x0000000008000578                SPI1_IRQHandler
                0x0000000008000578                DMA2_Channel2_IRQHandler
                0x0000000008000578                DMA1_Channel4_IRQHandler
                0x0000000008000578                PKA_IRQHandler
                0x0000000008000578                TIM17_IRQHandler
                0x0000000008000578                DMA1_Channel7_IRQHandler
                0x0000000008000578                SUBGHZSPI_IRQHandler
                0x0000000008000578                DMA2_Channel1_IRQHandler
                0x0000000008000578                I2C1_EV_IRQHandler
                0x0000000008000578                SUBGHZ_Radio_IRQHandler
                0x0000000008000578                DMAMUX1_OVR_IRQHandler
                0x0000000008000578                DMA1_Channel6_IRQHandler
                0x0000000008000578                TIM16_IRQHandler
                0x0000000008000578                DMA2_Channel4_IRQHandler
                0x0000000008000578                RCC_IRQHandler
                0x0000000008000578                TIM1_TRG_COM_IRQHandler
                0x0000000008000578                DMA1_Channel1_IRQHandler
                0x0000000008000578                Default_Handler
                0x0000000008000578                DMA2_Channel7_IRQHandler
                0x0000000008000578                EXTI15_10_IRQHandler
                0x0000000008000578                ADC_IRQHandler
                0x0000000008000578                I2C3_EV_IRQHandler
                0x0000000008000578                EXTI9_5_IRQHandler
                0x0000000008000578                RTC_WKUP_IRQHandler
                0x0000000008000578                PVD_PVM_IRQHandler
                0x0000000008000578                SPI2_IRQHandler
                0x0000000008000578                DMA2_Channel5_IRQHandler
                0x0000000008000578                DMA1_Channel5_IRQHandler
                0x0000000008000578                EXTI4_IRQHandler
                0x0000000008000578                RNG_IRQHandler
                0x0000000008000578                DMA1_Channel3_IRQHandler
                0x0000000008000578                COMP_IRQHandler
                0x0000000008000578                HSEM_IRQHandler
                0x0000000008000578                TIM1_UP_IRQHandler
                0x0000000008000578                WWDG_IRQHandler
                0x0000000008000578                LPUART1_IRQHandler
                0x0000000008000578                DMA2_Channel6_IRQHandler
                0x0000000008000578                TIM2_IRQHandler
                0x0000000008000578                TIM1_BRK_IRQHandler
                0x0000000008000578                DAC_IRQHandler
                0x0000000008000578                EXTI1_IRQHandler
                0x0000000008000578                AES_IRQHandler
                0x0000000008000578                USART2_IRQHandler
                0x0000000008000578                I2C2_ER_IRQHandler
                0x0000000008000578                DMA1_Channel2_IRQHandler
                0x0000000008000578                FLASH_IRQHandler
                0x0000000008000578                USART1_IRQHandler
                0x0000000008000578                I2C1_ER_IRQHandler
                0x0000000008000578                LPTIM1_IRQHandler
                0x0000000008000578                DMA2_Channel3_IRQHandler
 *fill*         0x000000000800057a        0x2 
 .text.HAL_InitTick
                0x000000000800057c       0x4c ./Drivers/STM32WLxx_HAL_Driver/Src/stm32wlxx_hal.o
                0x000000000800057c                HAL_InitTick
 .text.HAL_Init
                0x00000000080005c8       0x2c ./Drivers/STM32WLxx_HAL_Driver/Src/stm32wlxx_hal.o
                0x00000000080005c8                HAL_Init
 .text.HAL_IncTick
                0x00000000080005f4       0x18 ./Drivers/STM32WLxx_HAL_Driver/Src/stm32wlxx_hal.o
                0x00000000080005f4                HAL_IncTick
 .text.HAL_GetTick
                0x000000000800060c        0xc ./Drivers/STM32WLxx_HAL_Driver/Src/stm32wlxx_hal.o
                0x000000000800060c                HAL_GetTick
 .text.HAL_Delay
                0x0000000008000618       0x28 ./Drivers/STM32WLxx_HAL_Driver/Src/stm32wlxx_hal.o
                0x0000000008000618                HAL_Delay
 .text.HAL_NVIC_SetPriorityGrouping
                0x0000000008000640       0x24 ./Drivers/STM32WLxx_HAL_Driver/Src/stm32wlxx_hal_cortex.o
                0x0000000008000640                HAL_NVIC_SetPriorityGrouping
 .text.HAL_NVIC_SetPriority
                0x0000000008000664       0x64 ./Drivers/STM32WLxx_HAL_Driver/Src/stm32wlxx_hal_cortex.o
                0x0000000008000664                HAL_NVIC_SetPriority
 .text.HAL_SYSTICK_Config
                0x00000000080006c8       0x2c ./Drivers/STM32WLxx_HAL_Driver/Src/stm32wlxx_hal_cortex.o
                0x00000000080006c8                HAL_SYSTICK_Config
 .text.HAL_GPIO_Init
                0x00000000080006f4      0x158 ./Drivers/STM32WLxx_HAL_Driver/Src/stm32wlxx_hal_gpio.o
                0x00000000080006f4                HAL_GPIO_Init
 .text.HAL_GPIO_WritePin
                0x000000000800084c        0xa ./Drivers/STM32WLxx_HAL_Driver/Src/stm32wlxx_hal_gpio.o
                0x000000000800084c                HAL_GPIO_WritePin
 *fill*         0x0000000008000856        0x2 
 .text.HAL_PWR_EnableBkUpAccess
                0x0000000008000858       0x10 ./Drivers/STM32WLxx_HAL_Driver/Src/stm32wlxx_hal_pwr.o
                0x0000000008000858                HAL_PWR_EnableBkUpAccess
 .text.HAL_PWREx_GetVoltageRange
                0x0000000008000868       0x10 ./Drivers/STM32WLxx_HAL_Driver/Src/stm32wlxx_hal_pwr_ex.o
                0x0000000008000868                HAL_PWREx_GetVoltageRange
 .text.LL_RCC_HSE_IsReady
                0x0000000008000878        0xc ./Drivers/STM32WLxx_HAL_Driver/Src/stm32wlxx_hal_rcc.o
 .text.LL_RCC_HSI_IsReady
                0x0000000008000884        0xc ./Drivers/STM32WLxx_HAL_Driver/Src/stm32wlxx_hal_rcc.o
 .text.LL_RCC_MSI_IsReady
                0x0000000008000890        0xc ./Drivers/STM32WLxx_HAL_Driver/Src/stm32wlxx_hal_rcc.o
 .text.LL_RCC_MSI_SetCalibTrimming
                0x000000000800089c       0x12 ./Drivers/STM32WLxx_HAL_Driver/Src/stm32wlxx_hal_rcc.o
 .text.LL_RCC_PLL_IsReady
                0x00000000080008ae        0xc ./Drivers/STM32WLxx_HAL_Driver/Src/stm32wlxx_hal_rcc.o
 *fill*         0x00000000080008ba        0x2 
 .text.RCC_SetFlashLatencyFromMSIRange
                0x00000000080008bc       0xd4 ./Drivers/STM32WLxx_HAL_Driver/Src/stm32wlxx_hal_rcc.o
 .text.HAL_RCC_GetSysClockFreq
                0x0000000008000990       0xdc ./Drivers/STM32WLxx_HAL_Driver/Src/stm32wlxx_hal_rcc.o
                0x0000000008000990                HAL_RCC_GetSysClockFreq
 .text.HAL_RCC_GetHCLKFreq
                0x0000000008000a6c       0x20 ./Drivers/STM32WLxx_HAL_Driver/Src/stm32wlxx_hal_rcc.o
                0x0000000008000a6c                HAL_RCC_GetHCLKFreq
 .text.HAL_RCC_OscConfig
                0x0000000008000a8c      0x540 ./Drivers/STM32WLxx_HAL_Driver/Src/stm32wlxx_hal_rcc.o
                0x0000000008000a8c                HAL_RCC_OscConfig
 .text.HAL_RCC_ClockConfig
                0x0000000008000fcc      0x1bc ./Drivers/STM32WLxx_HAL_Driver/Src/stm32wlxx_hal_rcc.o
                0x0000000008000fcc                HAL_RCC_ClockConfig
 .text.TIM_Base_SetConfig
                0x0000000008001188       0x74 ./Drivers/STM32WLxx_HAL_Driver/Src/stm32wlxx_hal_tim.o
                0x0000000008001188                TIM_Base_SetConfig
 .text.HAL_TIM_Base_Init
                0x00000000080011fc       0x60 ./Drivers/STM32WLxx_HAL_Driver/Src/stm32wlxx_hal_tim.o
                0x00000000080011fc                HAL_TIM_Base_Init
 .text.TIM_ETR_SetConfig
                0x000000000800125c       0x14 ./Drivers/STM32WLxx_HAL_Driver/Src/stm32wlxx_hal_tim.o
                0x000000000800125c                TIM_ETR_SetConfig
 .text.HAL_TIM_ConfigClockSource
                0x0000000008001270      0x138 ./Drivers/STM32WLxx_HAL_Driver/Src/stm32wlxx_hal_tim.o
                0x0000000008001270                HAL_TIM_ConfigClockSource
 .text.HAL_TIMEx_MasterConfigSynchronization
                0x00000000080013a8       0x58 ./Drivers/STM32WLxx_HAL_Driver/Src/stm32wlxx_hal_tim_ex.o
                0x00000000080013a8                HAL_TIMEx_MasterConfigSynchronization
 .text.u8g2_DrawHXBM
                0x0000000008001400       0x84 ./Drivers/u8g2/cscr/u8g2_bitmap.o
                0x0000000008001400                u8g2_DrawHXBM
 .text.u8g2_DrawXBM
                0x0000000008001484       0x4e ./Drivers/u8g2/cscr/u8g2_bitmap.o
                0x0000000008001484                u8g2_DrawXBM
 .text.u8g2_send_buffer
                0x00000000080014d2       0x52 ./Drivers/u8g2/cscr/u8g2_buffer.o
 .text.u8g2_ClearBuffer
                0x0000000008001524       0x16 ./Drivers/u8g2/cscr/u8g2_buffer.o
                0x0000000008001524                u8g2_ClearBuffer
 .text.u8g2_SendBuffer
                0x000000000800153a       0x12 ./Drivers/u8g2/cscr/u8g2_buffer.o
                0x000000000800153a                u8g2_SendBuffer
 .text.u8g2_m_16_8_f
                0x000000000800154c        0xc ./Drivers/u8g2/cscr/u8g2_d_memory.o
                0x000000000800154c                u8g2_m_16_8_f
 .text.u8g2_Setup_st7920_s_128x64_f
                0x0000000008001558       0x3c ./Drivers/u8g2/cscr/u8g2_d_setup.o
                0x0000000008001558                u8g2_Setup_st7920_s_128x64_f
 .text.u8g2_font_get_word
                0x0000000008001594        0xe ./Drivers/u8g2/cscr/u8g2_font.o
 .text.u8g2_add_vector_y
                0x00000000080015a2       0x1c ./Drivers/u8g2/cscr/u8g2_font.o
 .text.u8g2_add_vector_x
                0x00000000080015be       0x1c ./Drivers/u8g2/cscr/u8g2_font.o
 .text.u8g2_font_calc_vref_font
                0x00000000080015da        0x4 ./Drivers/u8g2/cscr/u8g2_font.o
                0x00000000080015da                u8g2_font_calc_vref_font
 .text.u8g2_read_font_info
                0x00000000080015de       0x6a ./Drivers/u8g2/cscr/u8g2_font.o
                0x00000000080015de                u8g2_read_font_info
 .text.u8g2_font_decode_get_unsigned_bits
                0x0000000008001648       0x3c ./Drivers/u8g2/cscr/u8g2_font.o
                0x0000000008001648                u8g2_font_decode_get_unsigned_bits
 .text.u8g2_font_setup_decode
                0x0000000008001684       0x40 ./Drivers/u8g2/cscr/u8g2_font.o
 .text.u8g2_font_decode_get_signed_bits
                0x00000000080016c4       0x16 ./Drivers/u8g2/cscr/u8g2_font.o
                0x00000000080016c4                u8g2_font_decode_get_signed_bits
 .text.u8g2_font_decode_len
                0x00000000080016da       0x98 ./Drivers/u8g2/cscr/u8g2_font.o
                0x00000000080016da                u8g2_font_decode_len
 .text.u8g2_font_decode_glyph
                0x0000000008001772      0x132 ./Drivers/u8g2/cscr/u8g2_font.o
                0x0000000008001772                u8g2_font_decode_glyph
 .text.u8g2_font_get_glyph_data
                0x00000000080018a4       0x4c ./Drivers/u8g2/cscr/u8g2_font.o
                0x00000000080018a4                u8g2_font_get_glyph_data
 .text.u8g2_DrawGlyph
                0x00000000080018f0       0x5a ./Drivers/u8g2/cscr/u8g2_font.o
                0x00000000080018f0                u8g2_DrawGlyph
 .text.u8g2_draw_string
                0x000000000800194a       0x6c ./Drivers/u8g2/cscr/u8g2_font.o
 *fill*         0x00000000080019b6        0x2 
 .text.u8g2_DrawStr
                0x00000000080019b8       0x10 ./Drivers/u8g2/cscr/u8g2_font.o
                0x00000000080019b8                u8g2_DrawStr
 .text.u8g2_UpdateRefHeight
                0x00000000080019c8       0x56 ./Drivers/u8g2/cscr/u8g2_font.o
                0x00000000080019c8                u8g2_UpdateRefHeight
 *fill*         0x0000000008001a1e        0x2 
 .text.u8g2_SetFontPosBaseline
                0x0000000008001a20        0xc ./Drivers/u8g2/cscr/u8g2_font.o
                0x0000000008001a20                u8g2_SetFontPosBaseline
 .text.u8g2_SetFont
                0x0000000008001a2c       0x1e ./Drivers/u8g2/cscr/u8g2_font.o
                0x0000000008001a2c                u8g2_SetFont
 .text.u8g2_draw_hv_line_4dir
                0x0000000008001a4a       0xc8 ./Drivers/u8g2/cscr/u8g2_hvline.o
                0x0000000008001a4a                u8g2_draw_hv_line_4dir
 .text.u8g2_DrawHVLine
                0x0000000008001b12       0x18 ./Drivers/u8g2/cscr/u8g2_hvline.o
                0x0000000008001b12                u8g2_DrawHVLine
 .text.u8g2_is_intersection_decision_tree
                0x0000000008001b2a       0x1e ./Drivers/u8g2/cscr/u8g2_intersection.o
                0x0000000008001b2a                u8g2_is_intersection_decision_tree
 .text.u8g2_IsIntersection
                0x0000000008001b48       0x30 ./Drivers/u8g2/cscr/u8g2_intersection.o
                0x0000000008001b48                u8g2_IsIntersection
 .text.u8g2_ll_hvline_horizontal_right_lsb
                0x0000000008001b78       0x80 ./Drivers/u8g2/cscr/u8g2_ll_hvline.o
                0x0000000008001b78                u8g2_ll_hvline_horizontal_right_lsb
 .text.u8g2_update_dimension_common
                0x0000000008001bf8       0x5a ./Drivers/u8g2/cscr/u8g2_setup.o
 .text.u8g2_update_dimension_r0
                0x0000000008001c52       0x26 ./Drivers/u8g2/cscr/u8g2_setup.o
                0x0000000008001c52                u8g2_update_dimension_r0
 .text.u8g2_draw_l90_r0
                0x0000000008001c78        0xe ./Drivers/u8g2/cscr/u8g2_setup.o
                0x0000000008001c78                u8g2_draw_l90_r0
 .text.u8g2_SetupBuffer
                0x0000000008001c86       0x3a ./Drivers/u8g2/cscr/u8g2_setup.o
                0x0000000008001c86                u8g2_SetupBuffer
 .text.u8x8_ascii_next
                0x0000000008001cc0       0x10 ./Drivers/u8g2/cscr/u8x8_8x8.o
                0x0000000008001cc0                u8x8_ascii_next
 .text.u8x8_utf8_init
                0x0000000008001cd0        0x8 ./Drivers/u8g2/cscr/u8x8_8x8.o
                0x0000000008001cd0                u8x8_utf8_init
 .text.u8x8_byte_SendBytes
                0x0000000008001cd8       0x10 ./Drivers/u8g2/cscr/u8x8_byte.o
                0x0000000008001cd8                u8x8_byte_SendBytes
 .text.u8x8_byte_SendByte
                0x0000000008001ce8       0x16 ./Drivers/u8g2/cscr/u8x8_byte.o
                0x0000000008001ce8                u8x8_byte_SendByte
 .text.u8x8_byte_4wire_sw_spi
                0x0000000008001cfe       0xe2 ./Drivers/u8g2/cscr/u8x8_byte.o
                0x0000000008001cfe                u8x8_byte_4wire_sw_spi
 .text.u8x8_cad_SendCmd
                0x0000000008001de0       0x10 ./Drivers/u8g2/cscr/u8x8_cad.o
                0x0000000008001de0                u8x8_cad_SendCmd
 .text.u8x8_cad_SendData
                0x0000000008001df0       0x10 ./Drivers/u8g2/cscr/u8x8_cad.o
                0x0000000008001df0                u8x8_cad_SendData
 .text.u8x8_cad_StartTransfer
                0x0000000008001e00       0x10 ./Drivers/u8g2/cscr/u8x8_cad.o
                0x0000000008001e00                u8x8_cad_StartTransfer
 .text.u8x8_cad_EndTransfer
                0x0000000008001e10       0x10 ./Drivers/u8g2/cscr/u8x8_cad.o
                0x0000000008001e10                u8x8_cad_EndTransfer
 .text.u8x8_cad_SendSequence
                0x0000000008001e20       0x62 ./Drivers/u8g2/cscr/u8x8_cad.o
                0x0000000008001e20                u8x8_cad_SendSequence
 *fill*         0x0000000008001e82        0x2 
 .text.u8x8_cad_st7920_spi
                0x0000000008001e84      0x114 ./Drivers/u8g2/cscr/u8x8_cad.o
                0x0000000008001e84                u8x8_cad_st7920_spi
 .text.u8x8_d_st7920_common
                0x0000000008001f98       0xac ./Drivers/u8g2/cscr/u8x8_d_st7920.o
                0x0000000008001f98                u8x8_d_st7920_common
 .text.u8x8_d_st7920_128x64
                0x0000000008002044       0x1c ./Drivers/u8g2/cscr/u8x8_d_st7920.o
                0x0000000008002044                u8x8_d_st7920_128x64
 .text.u8x8_d_helper_display_setup_memory
                0x0000000008002060        0x8 ./Drivers/u8g2/cscr/u8x8_display.o
                0x0000000008002060                u8x8_d_helper_display_setup_memory
 .text.u8x8_d_helper_display_init
                0x0000000008002068       0x60 ./Drivers/u8g2/cscr/u8x8_display.o
                0x0000000008002068                u8x8_d_helper_display_init
 .text.u8x8_DrawTile
                0x00000000080020c8       0x20 ./Drivers/u8g2/cscr/u8x8_display.o
                0x00000000080020c8                u8x8_DrawTile
 .text.u8x8_SetupMemory
                0x00000000080020e8       0x10 ./Drivers/u8g2/cscr/u8x8_display.o
                0x00000000080020e8                u8x8_SetupMemory
 .text.u8x8_InitDisplay
                0x00000000080020f8       0x10 ./Drivers/u8g2/cscr/u8x8_display.o
                0x00000000080020f8                u8x8_InitDisplay
 .text.u8x8_SetPowerSave
                0x0000000008002108       0x10 ./Drivers/u8g2/cscr/u8x8_display.o
                0x0000000008002108                u8x8_SetPowerSave
 .text.u8x8_RefreshDisplay
                0x0000000008002118       0x10 ./Drivers/u8g2/cscr/u8x8_display.o
                0x0000000008002118                u8x8_RefreshDisplay
 .text.u8x8_gpio_call
                0x0000000008002128        0xc ./Drivers/u8g2/cscr/u8x8_gpio.o
                0x0000000008002128                u8x8_gpio_call
 .text.u8x8_dummy_cb
                0x0000000008002134        0x4 ./Drivers/u8g2/cscr/u8x8_setup.o
                0x0000000008002134                u8x8_dummy_cb
 .text.u8x8_SetupDefaults
                0x0000000008002138       0x24 ./Drivers/u8g2/cscr/u8x8_setup.o
                0x0000000008002138                u8x8_SetupDefaults
 .text.u8x8_Setup
                0x000000000800215c       0x1c ./Drivers/u8g2/cscr/u8x8_setup.o
                0x000000000800215c                u8x8_Setup
 .text.__libc_init_array
                0x0000000008002178       0x48 c:/st/stm32cubeide_1.8.0/stm32cubeide/plugins/com.st.stm32cube.ide.mcu.externaltools.gnu-tools-for-stm32.9-2020-q2-update.win32_2.0.0.202105311346/tools/bin/../lib/gcc/arm-none-eabi/9.3.1/../../../../arm-none-eabi/lib/thumb/v7e-m/nofp\libc_nano.a(lib_a-init.o)
                0x0000000008002178                __libc_init_array
 .text.memset   0x00000000080021c0       0x10 c:/st/stm32cubeide_1.8.0/stm32cubeide/plugins/com.st.stm32cube.ide.mcu.externaltools.gnu-tools-for-stm32.9-2020-q2-update.win32_2.0.0.202105311346/tools/bin/../lib/gcc/arm-none-eabi/9.3.1/../../../../arm-none-eabi/lib/thumb/v7e-m/nofp\libc_nano.a(lib_a-memset.o)
                0x00000000080021c0                memset
 *(.glue_7)
 .glue_7        0x00000000080021d0        0x0 linker stubs
 *(.glue_7t)
 .glue_7t       0x00000000080021d0        0x0 linker stubs
 *(.eh_frame)
 .eh_frame      0x00000000080021d0        0x0 c:/st/stm32cubeide_1.8.0/stm32cubeide/plugins/com.st.stm32cube.ide.mcu.externaltools.gnu-tools-for-stm32.9-2020-q2-update.win32_2.0.0.202105311346/tools/bin/../lib/gcc/arm-none-eabi/9.3.1/thumb/v7e-m/nofp/crtbegin.o
 *(.init)
 .init          0x00000000080021d0        0x4 c:/st/stm32cubeide_1.8.0/stm32cubeide/plugins/com.st.stm32cube.ide.mcu.externaltools.gnu-tools-for-stm32.9-2020-q2-update.win32_2.0.0.202105311346/tools/bin/../lib/gcc/arm-none-eabi/9.3.1/thumb/v7e-m/nofp/crti.o
                0x00000000080021d0                _init
 .init          0x00000000080021d4        0x8 c:/st/stm32cubeide_1.8.0/stm32cubeide/plugins/com.st.stm32cube.ide.mcu.externaltools.gnu-tools-for-stm32.9-2020-q2-update.win32_2.0.0.202105311346/tools/bin/../lib/gcc/arm-none-eabi/9.3.1/thumb/v7e-m/nofp/crtn.o
 *(.fini)
 .fini          0x00000000080021dc        0x4 c:/st/stm32cubeide_1.8.0/stm32cubeide/plugins/com.st.stm32cube.ide.mcu.externaltools.gnu-tools-for-stm32.9-2020-q2-update.win32_2.0.0.202105311346/tools/bin/../lib/gcc/arm-none-eabi/9.3.1/thumb/v7e-m/nofp/crti.o
                0x00000000080021dc                _fini
 .fini          0x00000000080021e0        0x8 c:/st/stm32cubeide_1.8.0/stm32cubeide/plugins/com.st.stm32cube.ide.mcu.externaltools.gnu-tools-for-stm32.9-2020-q2-update.win32_2.0.0.202105311346/tools/bin/../lib/gcc/arm-none-eabi/9.3.1/thumb/v7e-m/nofp/crtn.o
                0x00000000080021e8                . = ALIGN (0x4)
                0x00000000080021e8                _etext = .

.vfp11_veneer   0x00000000080021e8        0x0
 .vfp11_veneer  0x00000000080021e8        0x0 linker stubs

.v4_bx          0x00000000080021e8        0x0
 .v4_bx         0x00000000080021e8        0x0 linker stubs

.iplt           0x00000000080021e8        0x0
 .iplt          0x00000000080021e8        0x0 c:/st/stm32cubeide_1.8.0/stm32cubeide/plugins/com.st.stm32cube.ide.mcu.externaltools.gnu-tools-for-stm32.9-2020-q2-update.win32_2.0.0.202105311346/tools/bin/../lib/gcc/arm-none-eabi/9.3.1/thumb/v7e-m/nofp/crtbegin.o

.rodata         0x00000000080021e8      0x680
                0x00000000080021e8                . = ALIGN (0x4)
 *(.rodata)
 .rodata        0x00000000080021e8        0xc ./Drivers/STM32WLxx_HAL_Driver/Src/stm32wlxx_hal_rcc.o
 *(.rodata*)
 .rodata.main.str1.1
                0x00000000080021f4        0xd ./Core/Src/main.o
 .rodata.hourglass_empty
                0x0000000008002201      0x1e0 ./Core/Src/main.o
                0x0000000008002201                hourglass_empty
 .rodata.hourglass_full
                0x00000000080023e1      0x1e0 ./Core/Src/main.o
                0x00000000080023e1                hourglass_full
 .rodata.hourglass_half
                0x00000000080025c1      0x1e0 ./Core/Src/main.o
                0x00000000080025c1                hourglass_half
 *fill*         0x00000000080027a1        0x3 
 .rodata.AHBPrescTable
                0x00000000080027a4       0x40 ./Core/Src/system_stm32wlxx.o
                0x00000000080027a4                AHBPrescTable
 .rodata.MSIRangeTable
                0x00000000080027e4       0x40 ./Core/Src/system_stm32wlxx.o
                0x00000000080027e4                MSIRangeTable
 .rodata.u8g2_cb_r0
                0x0000000008002824        0x8 ./Drivers/u8g2/cscr/u8g2_setup.o
                0x0000000008002824                u8g2_cb_r0
 .rodata.u8x8_d_st7920_init_seq
                0x000000000800282c       0x13 ./Drivers/u8g2/cscr/u8x8_d_st7920.o
 .rodata.u8x8_d_st7920_powersave0_seq
                0x000000000800283f        0x7 ./Drivers/u8g2/cscr/u8x8_d_st7920.o
 .rodata.u8x8_d_st7920_powersave1_seq
                0x0000000008002846        0x7 ./Drivers/u8g2/cscr/u8x8_d_st7920.o
 *fill*         0x000000000800284d        0x3 
 .rodata.u8x8_st7920_128x64_display_info
                0x0000000008002850       0x18 ./Drivers/u8g2/cscr/u8x8_d_st7920.o
                0x0000000008002868                . = ALIGN (0x4)

.font.u8g2_font_6x12_tr
                0x0000000008002868      0x3c7
 .font.u8g2_font_6x12_tr
                0x0000000008002868      0x3c7 ./Drivers/u8g2/cscr/u8g2_fonts.o
                0x0000000008002868                u8g2_font_6x12_tr

.rel.dyn        0x0000000008002c30        0x0
 .rel.iplt      0x0000000008002c30        0x0 c:/st/stm32cubeide_1.8.0/stm32cubeide/plugins/com.st.stm32cube.ide.mcu.externaltools.gnu-tools-for-stm32.9-2020-q2-update.win32_2.0.0.202105311346/tools/bin/../lib/gcc/arm-none-eabi/9.3.1/thumb/v7e-m/nofp/crtbegin.o

.ARM.extab      0x0000000008002c2f        0x1
                0x0000000008002c30                . = ALIGN (0x4)
 *fill*         0x0000000008002c2f        0x1 
 *(.ARM.extab* .gnu.linkonce.armextab.*)
                0x0000000008002c30                . = ALIGN (0x4)

.ARM            0x0000000008002c30        0x0
                0x0000000008002c30                . = ALIGN (0x4)
                0x0000000008002c30                __exidx_start = .
 *(.ARM.exidx*)
                0x0000000008002c30                __exidx_end = .
                0x0000000008002c30                . = ALIGN (0x4)

.preinit_array  0x0000000008002c30        0x0
                0x0000000008002c30                . = ALIGN (0x4)
                0x0000000008002c30                PROVIDE (__preinit_array_start = .)
 *(.preinit_array*)
                0x0000000008002c30                PROVIDE (__preinit_array_end = .)
                0x0000000008002c30                . = ALIGN (0x4)

.init_array     0x0000000008002c30        0x4
                0x0000000008002c30                . = ALIGN (0x4)
                0x0000000008002c30                PROVIDE (__init_array_start = .)
 *(SORT_BY_NAME(.init_array.*))
 *(.init_array*)
 .init_array    0x0000000008002c30        0x4 c:/st/stm32cubeide_1.8.0/stm32cubeide/plugins/com.st.stm32cube.ide.mcu.externaltools.gnu-tools-for-stm32.9-2020-q2-update.win32_2.0.0.202105311346/tools/bin/../lib/gcc/arm-none-eabi/9.3.1/thumb/v7e-m/nofp/crtbegin.o
                0x0000000008002c34                PROVIDE (__init_array_end = .)
                0x0000000008002c34                . = ALIGN (0x4)

.fini_array     0x0000000008002c34        0x4
                0x0000000008002c34                . = ALIGN (0x4)
                [!provide]                        PROVIDE (__fini_array_start = .)
 *(SORT_BY_NAME(.fini_array.*))
 *(.fini_array*)
 .fini_array    0x0000000008002c34        0x4 c:/st/stm32cubeide_1.8.0/stm32cubeide/plugins/com.st.stm32cube.ide.mcu.externaltools.gnu-tools-for-stm32.9-2020-q2-update.win32_2.0.0.202105311346/tools/bin/../lib/gcc/arm-none-eabi/9.3.1/thumb/v7e-m/nofp/crtbegin.o
                [!provide]                        PROVIDE (__fini_array_end = .)
                0x0000000008002c38                . = ALIGN (0x4)
                0x0000000008002c38                _sidata = LOADADDR (.data)

.data           0x0000000020000000        0xc load address 0x0000000008002c38
                0x0000000020000000                . = ALIGN (0x4)
                0x0000000020000000                _sdata = .
 *(.data)
 *(.data*)
 .data.SystemCoreClock
                0x0000000020000000        0x4 ./Core/Src/system_stm32wlxx.o
                0x0000000020000000                SystemCoreClock
 .data.uwTickFreq
                0x0000000020000004        0x1 ./Drivers/STM32WLxx_HAL_Driver/Src/stm32wlxx_hal.o
                0x0000000020000004                uwTickFreq
 *fill*         0x0000000020000005        0x3 
 .data.uwTickPrio
                0x0000000020000008        0x4 ./Drivers/STM32WLxx_HAL_Driver/Src/stm32wlxx_hal.o
                0x0000000020000008                uwTickPrio
 *(.RamFunc)
 *(.RamFunc*)
                0x000000002000000c                . = ALIGN (0x4)
                0x000000002000000c                _edata = .

.igot.plt       0x000000002000000c        0x0 load address 0x0000000008002c44
 .igot.plt      0x000000002000000c        0x0 c:/st/stm32cubeide_1.8.0/stm32cubeide/plugins/com.st.stm32cube.ide.mcu.externaltools.gnu-tools-for-stm32.9-2020-q2-update.win32_2.0.0.202105311346/tools/bin/../lib/gcc/arm-none-eabi/9.3.1/thumb/v7e-m/nofp/crtbegin.o
                0x000000002000000c                . = ALIGN (0x4)

.bss            0x000000002000000c      0x4fc load address 0x0000000008002c44
                0x000000002000000c                _sbss = .
                0x000000002000000c                __bss_start__ = _sbss
 *(.bss)
 .bss           0x000000002000000c       0x1c c:/st/stm32cubeide_1.8.0/stm32cubeide/plugins/com.st.stm32cube.ide.mcu.externaltools.gnu-tools-for-stm32.9-2020-q2-update.win32_2.0.0.202105311346/tools/bin/../lib/gcc/arm-none-eabi/9.3.1/thumb/v7e-m/nofp/crtbegin.o
 *(.bss*)
 .bss.u8g2      0x0000000020000028       0x80 ./Core/Src/main.o
 .bss.buf.8444  0x00000000200000a8      0x400 ./Drivers/u8g2/cscr/u8g2_d_memory.o
 .bss.buf.5141  0x00000000200004a8       0x10 ./Drivers/u8g2/cscr/u8x8_cad.o
 *(COMMON)
 COMMON         0x00000000200004b8       0x4c ./Core/Src/tim.o
                0x00000000200004b8                htim1
 COMMON         0x0000000020000504        0x4 ./Drivers/STM32WLxx_HAL_Driver/Src/stm32wlxx_hal.o
                0x0000000020000504                uwTick
                0x0000000020000508                . = ALIGN (0x4)
                0x0000000020000508                _ebss = .
                0x0000000020000508                __bss_end__ = _ebss

._user_heap_stack
                0x0000000020000508      0x600 load address 0x0000000008002c44
                0x0000000020000508                . = ALIGN (0x8)
                [!provide]                        PROVIDE (end = .)
                0x0000000020000508                PROVIDE (_end = .)
                0x0000000020000708                . = (. + _Min_Heap_Size)
 *fill*         0x0000000020000508      0x200 
                0x0000000020000b08                . = (. + _Min_Stack_Size)
 *fill*         0x0000000020000708      0x400 
                0x0000000020000b08                . = ALIGN (0x8)

/DISCARD/
 libc.a(*)
 libm.a(*)
 libgcc.a(*)

.ARM.attributes
                0x0000000000000000       0x2a
 *(.ARM.attributes)
 .ARM.attributes
                0x0000000000000000       0x1e c:/st/stm32cubeide_1.8.0/stm32cubeide/plugins/com.st.stm32cube.ide.mcu.externaltools.gnu-tools-for-stm32.9-2020-q2-update.win32_2.0.0.202105311346/tools/bin/../lib/gcc/arm-none-eabi/9.3.1/thumb/v7e-m/nofp/crti.o
 .ARM.attributes
                0x000000000000001e       0x2e c:/st/stm32cubeide_1.8.0/stm32cubeide/plugins/com.st.stm32cube.ide.mcu.externaltools.gnu-tools-for-stm32.9-2020-q2-update.win32_2.0.0.202105311346/tools/bin/../lib/gcc/arm-none-eabi/9.3.1/thumb/v7e-m/nofp/crtbegin.o
 .ARM.attributes
                0x000000000000004c       0x2e ./Core/Src/delay.o
 .ARM.attributes
                0x000000000000007a       0x2e ./Core/Src/gpio.o
 .ARM.attributes
                0x00000000000000a8       0x2e ./Core/Src/main.o
 .ARM.attributes
                0x00000000000000d6       0x2e ./Core/Src/stm32wlxx_hal_msp.o
 .ARM.attributes
                0x0000000000000104       0x2e ./Core/Src/stm32wlxx_it.o
 .ARM.attributes
                0x0000000000000132       0x2e ./Core/Src/system_stm32wlxx.o
 .ARM.attributes
                0x0000000000000160       0x2e ./Core/Src/tim.o
 .ARM.attributes
                0x000000000000018e       0x21 ./Core/Startup/startup_stm32wle5jcix.o
 .ARM.attributes
                0x00000000000001af       0x2e ./Drivers/STM32WLxx_HAL_Driver/Src/stm32wlxx_hal.o
 .ARM.attributes
                0x00000000000001dd       0x2e ./Drivers/STM32WLxx_HAL_Driver/Src/stm32wlxx_hal_cortex.o
 .ARM.attributes
                0x000000000000020b       0x2e ./Drivers/STM32WLxx_HAL_Driver/Src/stm32wlxx_hal_gpio.o
 .ARM.attributes
                0x0000000000000239       0x2e ./Drivers/STM32WLxx_HAL_Driver/Src/stm32wlxx_hal_pwr.o
 .ARM.attributes
                0x0000000000000267       0x2e ./Drivers/STM32WLxx_HAL_Driver/Src/stm32wlxx_hal_pwr_ex.o
 .ARM.attributes
                0x0000000000000295       0x2e ./Drivers/STM32WLxx_HAL_Driver/Src/stm32wlxx_hal_rcc.o
 .ARM.attributes
                0x00000000000002c3       0x2e ./Drivers/STM32WLxx_HAL_Driver/Src/stm32wlxx_hal_tim.o
 .ARM.attributes
                0x00000000000002f1       0x2e ./Drivers/STM32WLxx_HAL_Driver/Src/stm32wlxx_hal_tim_ex.o
 .ARM.attributes
                0x000000000000031f       0x2e ./Drivers/u8g2/cscr/u8g2_bitmap.o
 .ARM.attributes
                0x000000000000034d       0x2e ./Drivers/u8g2/cscr/u8g2_buffer.o
 .ARM.attributes
                0x000000000000037b       0x2e ./Drivers/u8g2/cscr/u8g2_d_memory.o
 .ARM.attributes
                0x00000000000003a9       0x2e ./Drivers/u8g2/cscr/u8g2_d_setup.o
 .ARM.attributes
                0x00000000000003d7       0x2e ./Drivers/u8g2/cscr/u8g2_font.o
 .ARM.attributes
                0x0000000000000405       0x33 ./Drivers/u8g2/cscr/u8g2_fonts.o
 .ARM.attributes
                0x0000000000000438       0x2e ./Drivers/u8g2/cscr/u8g2_hvline.o
 .ARM.attributes
                0x0000000000000466       0x2e ./Drivers/u8g2/cscr/u8g2_intersection.o
 .ARM.attributes
                0x0000000000000494       0x2e ./Drivers/u8g2/cscr/u8g2_ll_hvline.o
 .ARM.attributes
                0x00000000000004c2       0x2e ./Drivers/u8g2/cscr/u8g2_setup.o
 .ARM.attributes
                0x00000000000004f0       0x2e ./Drivers/u8g2/cscr/u8x8_8x8.o
 .ARM.attributes
                0x000000000000051e       0x2e ./Drivers/u8g2/cscr/u8x8_byte.o
 .ARM.attributes
                0x000000000000054c       0x2e ./Drivers/u8g2/cscr/u8x8_cad.o
 .ARM.attributes
                0x000000000000057a       0x2e ./Drivers/u8g2/cscr/u8x8_d_st7920.o
 .ARM.attributes
                0x00000000000005a8       0x2e ./Drivers/u8g2/cscr/u8x8_display.o
 .ARM.attributes
                0x00000000000005d6       0x2e ./Drivers/u8g2/cscr/u8x8_gpio.o
 .ARM.attributes
                0x0000000000000604       0x2e ./Drivers/u8g2/cscr/u8x8_setup.o
 .ARM.attributes
                0x0000000000000632       0x2e c:/st/stm32cubeide_1.8.0/stm32cubeide/plugins/com.st.stm32cube.ide.mcu.externaltools.gnu-tools-for-stm32.9-2020-q2-update.win32_2.0.0.202105311346/tools/bin/../lib/gcc/arm-none-eabi/9.3.1/../../../../arm-none-eabi/lib/thumb/v7e-m/nofp\libc_nano.a(lib_a-init.o)
 .ARM.attributes
                0x0000000000000660       0x2e c:/st/stm32cubeide_1.8.0/stm32cubeide/plugins/com.st.stm32cube.ide.mcu.externaltools.gnu-tools-for-stm32.9-2020-q2-update.win32_2.0.0.202105311346/tools/bin/../lib/gcc/arm-none-eabi/9.3.1/../../../../arm-none-eabi/lib/thumb/v7e-m/nofp\libc_nano.a(lib_a-memset.o)
 .ARM.attributes
                0x000000000000068e       0x1e c:/st/stm32cubeide_1.8.0/stm32cubeide/plugins/com.st.stm32cube.ide.mcu.externaltools.gnu-tools-for-stm32.9-2020-q2-update.win32_2.0.0.202105311346/tools/bin/../lib/gcc/arm-none-eabi/9.3.1/thumb/v7e-m/nofp/crtn.o
OUTPUT(LoRa_E5_ST7920.elf elf32-littlearm)
LOAD linker stubs
LOAD c:/st/stm32cubeide_1.8.0/stm32cubeide/plugins/com.st.stm32cube.ide.mcu.externaltools.gnu-tools-for-stm32.9-2020-q2-update.win32_2.0.0.202105311346/tools/bin/../lib/gcc/arm-none-eabi/9.3.1/../../../../arm-none-eabi/lib/thumb/v7e-m/nofp\libc.a
LOAD c:/st/stm32cubeide_1.8.0/stm32cubeide/plugins/com.st.stm32cube.ide.mcu.externaltools.gnu-tools-for-stm32.9-2020-q2-update.win32_2.0.0.202105311346/tools/bin/../lib/gcc/arm-none-eabi/9.3.1/../../../../arm-none-eabi/lib/thumb/v7e-m/nofp\libm.a
LOAD c:/st/stm32cubeide_1.8.0/stm32cubeide/plugins/com.st.stm32cube.ide.mcu.externaltools.gnu-tools-for-stm32.9-2020-q2-update.win32_2.0.0.202105311346/tools/bin/../lib/gcc/arm-none-eabi/9.3.1/thumb/v7e-m/nofp\libgcc.a

.comment        0x0000000000000000       0x53
 .comment       0x0000000000000000       0x53 ./Core/Src/delay.o
                                         0x54 (size before relaxing)
 .comment       0x0000000000000053       0x54 ./Core/Src/gpio.o
 .comment       0x0000000000000053       0x54 ./Core/Src/main.o
 .comment       0x0000000000000053       0x54 ./Core/Src/stm32wlxx_hal_msp.o
 .comment       0x0000000000000053       0x54 ./Core/Src/stm32wlxx_it.o
 .comment       0x0000000000000053       0x54 ./Core/Src/system_stm32wlxx.o
 .comment       0x0000000000000053       0x54 ./Core/Src/tim.o
 .comment       0x0000000000000053       0x54 ./Drivers/STM32WLxx_HAL_Driver/Src/stm32wlxx_hal.o
 .comment       0x0000000000000053       0x54 ./Drivers/STM32WLxx_HAL_Driver/Src/stm32wlxx_hal_cortex.o
 .comment       0x0000000000000053       0x54 ./Drivers/STM32WLxx_HAL_Driver/Src/stm32wlxx_hal_gpio.o
 .comment       0x0000000000000053       0x54 ./Drivers/STM32WLxx_HAL_Driver/Src/stm32wlxx_hal_pwr.o
 .comment       0x0000000000000053       0x54 ./Drivers/STM32WLxx_HAL_Driver/Src/stm32wlxx_hal_pwr_ex.o
 .comment       0x0000000000000053       0x54 ./Drivers/STM32WLxx_HAL_Driver/Src/stm32wlxx_hal_rcc.o
 .comment       0x0000000000000053       0x54 ./Drivers/STM32WLxx_HAL_Driver/Src/stm32wlxx_hal_tim.o
 .comment       0x0000000000000053       0x54 ./Drivers/STM32WLxx_HAL_Driver/Src/stm32wlxx_hal_tim_ex.o
 .comment       0x0000000000000053       0x54 ./Drivers/u8g2/cscr/u8g2_bitmap.o
 .comment       0x0000000000000053       0x54 ./Drivers/u8g2/cscr/u8g2_buffer.o
 .comment       0x0000000000000053       0x54 ./Drivers/u8g2/cscr/u8g2_d_memory.o
 .comment       0x0000000000000053       0x54 ./Drivers/u8g2/cscr/u8g2_d_setup.o
 .comment       0x0000000000000053       0x54 ./Drivers/u8g2/cscr/u8g2_font.o
 .comment       0x0000000000000053       0x54 ./Drivers/u8g2/cscr/u8g2_fonts.o
 .comment       0x0000000000000053       0x54 ./Drivers/u8g2/cscr/u8g2_hvline.o
 .comment       0x0000000000000053       0x54 ./Drivers/u8g2/cscr/u8g2_intersection.o
 .comment       0x0000000000000053       0x54 ./Drivers/u8g2/cscr/u8g2_ll_hvline.o
 .comment       0x0000000000000053       0x54 ./Drivers/u8g2/cscr/u8g2_setup.o
 .comment       0x0000000000000053       0x54 ./Drivers/u8g2/cscr/u8x8_8x8.o
 .comment       0x0000000000000053       0x54 ./Drivers/u8g2/cscr/u8x8_byte.o
 .comment       0x0000000000000053       0x54 ./Drivers/u8g2/cscr/u8x8_cad.o
 .comment       0x0000000000000053       0x54 ./Drivers/u8g2/cscr/u8x8_d_st7920.o
 .comment       0x0000000000000053       0x54 ./Drivers/u8g2/cscr/u8x8_display.o
 .comment       0x0000000000000053       0x54 ./Drivers/u8g2/cscr/u8x8_gpio.o
 .comment       0x0000000000000053       0x54 ./Drivers/u8g2/cscr/u8x8_setup.o

.debug_frame    0x0000000000000000       0x4c
 .debug_frame   0x0000000000000000       0x2c c:/st/stm32cubeide_1.8.0/stm32cubeide/plugins/com.st.stm32cube.ide.mcu.externaltools.gnu-tools-for-stm32.9-2020-q2-update.win32_2.0.0.202105311346/tools/bin/../lib/gcc/arm-none-eabi/9.3.1/../../../../arm-none-eabi/lib/thumb/v7e-m/nofp\libc_nano.a(lib_a-init.o)
 .debug_frame   0x000000000000002c       0x20 c:/st/stm32cubeide_1.8.0/stm32cubeide/plugins/com.st.stm32cube.ide.mcu.externaltools.gnu-tools-for-stm32.9-2020-q2-update.win32_2.0.0.202105311346/tools/bin/../lib/gcc/arm-none-eabi/9.3.1/../../../../arm-none-eabi/lib/thumb/v7e-m/nofp\libc_nano.a(lib_a-memset.o)
