LmHandler.c:302:24:LmHandlerInit	16	static
LmHandler.c:331:24:LmHandlerConfigure	120	static
LmHandler.c:432:6:LmHandlerIsBusy	8	static
LmHandler.c:452:6:LmHandlerProcess	8	static
LmHandler.c:465:6:LmHandlerJoin	72	static
LmHandler.c:536:23:LmHandlerJoinStatus	48	static
LmHandler.c:561:24:LmHandlerStop	8	static
LmHandler.c:573:24:LmHandlerSend	56	static
LmHandler.c:669:24:LmHandlerLinkCheckReq	32	static
LmHandler.c:688:24:LmHandlerDeviceTimeReq	32	static
LmHandler.c:757:24:LmHandlerRequestClass	56	static
LmHandler.c:856:24:LmHandlerGetCurrentClass	56	static
LmHandler.c:874:24:LmHandlerGetTxDatarate	56	static
LmHandler.c:893:24:LmHandlerGetActiveRegion	16	static
LmHandler.c:904:31:LmHandlerSetSystemMaxRxError	56	static
LmHandler.c:923:13:McpsConfirm	16	static
LmHandler.c:938:13:McpsIndication	40	static
LmHandler.c:987:13:MlmeConfirm	56	static
LmHandler.c:1084:13:MlmeIndication	24	static
LmHandler.c:1168:24:LmHandlerPackageRegister	24	static
LmHandler.c:1204:13:LmHandlerPackageIsInitialized	16	static
LmHandler.c:1216:13:LmHandlerPackagesNotify	24	static
LmHandler.c:1259:13:LmHandlerPackagesProcess	16	static
LmHandler.c:1272:24:LmHandlerGetDevEUI	56	static
LmHandler.c:1289:24:LmHandlerSetDevEUI	16	static
LmHandler.c:1315:24:LmHandlerGetAppEUI	56	static
LmHandler.c:1333:24:LmHandlerSetAppEUI	56	static
LmHandler.c:1355:24:LmHandlerGetNetworkID	56	static
LmHandler.c:1373:24:LmHandlerSetNetworkID	56	static
LmHandler.c:1395:24:LmHandlerGetDevAddr	56	static
LmHandler.c:1413:24:LmHandlerSetDevAddr	56	static
LmHandler.c:1439:24:LmHandlerSetActiveRegion	16	static
LmHandler.c:1454:24:LmHandlerGetAdrEnable	16	static
LmHandler.c:1465:24:LmHandlerSetAdrEnable	56	static
LmHandler.c:1479:24:LmHandlerSetTxDatarate	56	static
LmHandler.c:1499:24:LmHandlerGetDutyCycleEnable	16	static
LmHandler.c:1510:24:LmHandlerSetDutyCycleEnable	16	static
LmHandler.c:1518:24:LmHandlerGetRX2Params	56	static
LmHandler.c:1538:24:LmHandlerGetTxPower	56	static
LmHandler.c:1556:24:LmHandlerGetRx1Delay	56	static
LmHandler.c:1574:24:LmHandlerGetRx2Delay	56	static
LmHandler.c:1592:24:LmHandlerGetJoinRx1Delay	56	static
LmHandler.c:1610:24:LmHandlerGetJoinRx2Delay	56	static
LmHandler.c:1628:24:LmHandlerSetTxPower	56	static
LmHandler.c:1642:24:LmHandlerSetRX2Params	56	static
LmHandler.c:1657:24:LmHandlerSetRx1Delay	56	static
LmHandler.c:1670:24:LmHandlerSetRx2Delay	56	static
LmHandler.c:1683:24:LmHandlerSetJoinRx1Delay	56	static
LmHandler.c:1696:24:LmHandlerSetJoinRx2Delay	56	static
LmHandler.c:1709:24:LmHandlerGetPingPeriodicity	16	static
LmHandler.c:1724:24:LmHandlerSetPingPeriodicity	16	static
LmHandler.c:1743:24:LmHandlerGetBeaconState	16	static
LmHandler.c:1765:24:LmHandlerGetNwkKey	24	static
LmHandler.c:1781:24:LmHandlerSetNwkKey	56	static
LmHandler.c:1802:24:LmHandlerGetAppKey	24	static
LmHandler.c:1818:24:LmHandlerSetAppKey	56	static
LmHandler.c:1839:24:LmHandlerGetNwkSKey	24	static
LmHandler.c:1855:24:LmHandlerSetNwkSKey	56	static
LmHandler.c:1877:24:LmHandlerGetAppSKey	24	static
LmHandler.c:1893:24:LmHandlerSetAppSKey	56	static
LmHandler.c:1915:13:DisplayClassUpdate	24	static
