LoRaMac.c:679:13:OnRadioTxDone	24	static
LoRaMac.c:693:13:OnRadioRxDone	24	static
LoRaMac.c:710:13:OnRadioTxTimeout	8	static
LoRaMac.c:721:13:OnRadioRxError	8	static
LoRaMac.c:731:13:OnRadioRxTimeout	8	static
LoRaMac.c:742:13:UpdateRxSlotIdleState	4	static
LoRaMac.c:754:13:ProcessRadioTxDone	64	static
LoRaMac.c:800:13:PrepareRxDoneAbort	8	static
LoRaMac.c:815:13:ProcessRadioRxDone	168	static
LoRaMac.c:1233:13:ProcessRadioTxTimeout	8	static
LoRaMac.c:1250:13:HandleRadioRxErrorTimeout	24	static
LoRaMac.c:1315:13:ProcessRadioRxError	8	static
LoRaMac.c:1320:13:ProcessRadioRxTimeout	8	static
LoRaMac.c:1325:13:LoRaMacHandleIrqEvents	24	static,ignoring_inline_asm
LoRaMac.c:1359:6:LoRaMacIsBusy	4	static
LoRaMac.c:1370:13:LoRaMacEnableRequests	16	static
LoRaMac.c:1375:13:LoRaMacHandleRequestEvents	16	static
LoRaMac.c:1419:13:LoRaMacHandleScheduleUplinkEvent	16	static
LoRaMac.c:1434:13:LoRaMacHandleIndicationEvents	40	static
LoRaMac.c:1461:13:LoRaMacHandleMcpsRequest	16	static
LoRaMac.c:1515:13:LoRaMacHandleMlmeRequest	8	static
LoRaMac.c:1536:16:LoRaMacCheckForBeaconAcquisition	8	static
LoRaMac.c:1550:13:LoRaMacCheckForRxAbort	4	static
LoRaMac.c:1560:13:LoRaMacHandleNvm	24	static
LoRaMac.c:1636:6:LoRaMacProcess	16	static
LoRaMac.c:1672:13:OnTxDelayedTimerEvent	16	static
LoRaMac.c:1698:13:OnRxWindow1TimerEvent	16	static
LoRaMac.c:1710:13:OnRxWindow2TimerEvent	16	static
LoRaMac.c:1728:13:OnAckTimeoutTimerEvent	16	static
LoRaMac.c:1746:30:GetFCntDown	24	static
LoRaMac.c:1804:24:SwitchClass	32	static
LoRaMac.c:1889:16:GetMaxAppPayloadWithoutFOptsLength	32	static
LoRaMac.c:1910:13:ValidatePayloadLength	24	static
LoRaMac.c:1928:13:SetMlmeScheduleUplinkIndication	4	static
LoRaMac.c:1933:13:ProcessMacCommands	160	static
LoRaMac.c:2263:24:Send	64	static
LoRaMac.c:2349:24:SendReJoinReq	24	static
LoRaMac.c:2387:24:CheckForClassBCollision	8	static
LoRaMac.c:2408:13:ComputeRxWindowParameters	24	static
LoRaMac.c:2437:24:VerifyTxFrame	16	static
LoRaMac.c:2456:24:SerializeTxFrame	16	static
LoRaMac.c:2486:24:ScheduleTx	72	static
LoRaMac.c:2562:24:SecureFrame	24	static
LoRaMac.c:2604:13:CalculateBackOff	4	static
LoRaMac.c:2616:13:RemoveMacCommands	16	static
LoRaMac.c:2637:13:ResetMacParameters	72	static
LoRaMac.c:2721:13:RxWindowSetup	16	static
LoRaMac.c:2735:13:OpenContinuousRxCWindow	24	static
LoRaMac.c:2757:24:PrepareFrame	40	static
LoRaMac.c:2862:24:SendFrameOnChannel	48	static
LoRaMac.c:2925:24:SetTxContinuousWave	32	static
LoRaMac.c:2943:24:SetTxContinuousWave1	16	static
LoRaMac.c:2952:19:GetNvmData	4	static
LoRaMac.c:2957:17:RestoreNvmData	24	static
LoRaMac.c:3034:24:DetermineFrameType	16	static
LoRaMac.c:3086:13:CheckRetransUnconfirmedUplink	4	static
LoRaMac.c:3112:13:CheckRetransConfirmedUplink	4	static
LoRaMac.c:3130:13:StopRetransmission	4	static
LoRaMac.c:3151:13:CallNvmDataChangeCallback	16	static
LoRaMac.c:3160:13:AckTimeoutRetriesProcess	24	static
LoRaMac.c:3179:13:AckTimeoutRetriesFinalize	24	static
LoRaMac.c:3195:16:IsRequestPending	4	static
LoRaMac.c:3206:17:LoRaMacInitialization	72	static
LoRaMac.c:3403:17:LoRaMacStart	4	static
LoRaMac.c:3409:17:LoRaMacStop	8	static
LoRaMac.c:3423:17:LoRaMacQueryTxPossible	48	static
LoRaMac.c:3481:17:LoRaMacMibGetRequestConfirm	40	static
LoRaMac.c:3675:17:LoRaMacMibSetRequestConfirm	32	static
LoRaMac.c:4352:17:LoRaMacChannelAdd	40	static
LoRaMac.c:4370:17:LoRaMacChannelRemove	24	static
LoRaMac.c:4391:17:LoRaMacMcChannelSetup	40	static
LoRaMac.c:4486:17:LoRaMacMcChannelDelete	56	static
LoRaMac.c:4508:9:LoRaMacMcChannelGetGroupId	24	static
LoRaMac.c:4520:17:LoRaMacMcChannelSetupRxParams	32	static
LoRaMac.c:4581:17:LoRaMacMlmeRequest	32	static
LoRaMac.c:4735:17:LoRaMacMcpsRequest	56	static
LoRaMac.c:4851:6:LoRaMacTestSetDutyCycleOn	24	static
LoRaMac.c:4863:17:LoRaMacDeInitialization	8	static
