u8g2_font.c:111:16:u8g2_font_get_byte	16	static
u8g2_font.c:118:17:u8g2_font_get_word	24	static
u8g2_font.c:131:6:u8g2_read_font_info	16	static
u8g2_font.c:170:8:u8g2_GetFontSize	24	static
u8g2_font.c:202:9:u8g2_GetFontBBXWidth	16	static
u8g2_font.c:207:9:u8g2_GetFontBBXHeight	16	static
u8g2_font.c:213:8:u8g2_GetFontBBXOffX	16	static
u8g2_font.c:219:8:u8g2_GetFontBBXOffY	16	static
u8g2_font.c:225:9:u8g2_GetFontCapitalAHeight	16	static
u8g2_font.c:234:9:u8g2_font_decode_get_unsigned_bits	24	static
u8g2_font.c:279:8:u8g2_font_decode_get_signed_bits	24	static
u8g2_font.c:294:20:u8g2_add_vector_y	16	static
u8g2_font.c:315:20:u8g2_add_vector_x	16	static
u8g2_font.c:356:6:u8g2_font_decode_len	40	static
u8g2_font.c:450:13:u8g2_font_setup_decode	24	static
u8g2_font.c:484:8:u8g2_font_decode_glyph	40	static
u8g2_font.c:589:16:u8g2_font_get_glyph_data	24	static
u8g2_font.c:663:20:u8g2_font_draw_glyph	24	static
u8g2_font.c:680:9:u8g2_IsGlyph	16	static
u8g2_font.c:689:8:u8g2_GetGlyphWidth	24	static
u8g2_font.c:712:6:u8g2_SetFontMode	16	static
u8g2_font.c:717:13:u8g2_DrawGlyph	16	static
u8g2_font.c:742:20:u8g2_draw_string	32	static
u8g2_font.c:784:13:u8g2_DrawStr	24	static
u8g2_font.c:800:13:u8g2_DrawUTF8	24	static
u8g2_font.c:808:13:u8g2_DrawExtendedUTF8	24	static
u8g2_font.c:855:13:u8g2_DrawExtUTF8	24	static
u8g2_font.c:915:6:u8g2_UpdateRefHeight	16	static
u8g2_font.c:940:6:u8g2_SetFontRefHeightText	16	static
u8g2_font.c:946:6:u8g2_SetFontRefHeightExtendedText	16	static
u8g2_font.c:952:6:u8g2_SetFontRefHeightAll	16	static
u8g2_font.c:961:13:u8g2_font_calc_vref_font	16	static
u8g2_font.c:966:6:u8g2_SetFontPosBaseline	16	static
u8g2_font.c:972:13:u8g2_font_calc_vref_bottom	16	static
u8g2_font.c:977:6:u8g2_SetFontPosBottom	16	static
u8g2_font.c:982:13:u8g2_font_calc_vref_top	24	static
u8g2_font.c:991:6:u8g2_SetFontPosTop	16	static
u8g2_font.c:996:13:u8g2_font_calc_vref_center	24	static
u8g2_font.c:1006:6:u8g2_SetFontPosCenter	16	static
u8g2_font.c:1013:6:u8g2_SetFont	16	static
u8g2_font.c:1032:20:u8g2_string_width	24	static
u8g2_font.c:1072:13:u8g2_GetGlyphHorizontalProperties	32	static
u8g2_font.c:1086:8:u8g2_GetStrX	32	static
u8g2_font.c:1096:20:u8g2_calculate_exact_string_width	32	static
u8g2_font.c:1169:13:u8g2_GetStrWidth	16	static
u8g2_font.c:1175:13:u8g2_GetExactStrWidth	16	static
u8g2_font.c:1191:13:u8g2_GetUTF8Width	16	static
u8g2_font.c:1199:6:u8g2_SetFontDirection	16	static
