u8x8_byte.c:39:9:u8x8_byte_SetDC	24	static
u8x8_byte.c:44:9:u8x8_byte_SendBytes	32	static
u8x8_byte.c:49:9:u8x8_byte_SendByte	16	static
u8x8_byte.c:54:9:u8x8_byte_StartTransfer	24	static
u8x8_byte.c:59:9:u8x8_byte_EndTransfer	24	static
u8x8_byte.c:88:9:u8x8_byte_4wire_sw_spi	48	static
u8x8_byte.c:147:9:u8x8_byte_8bit_6800mode	40	static
u8x8_byte.c:197:9:u8x8_byte_8bit_8080mode	40	static
u8x8_byte.c:249:9:u8x8_byte_3wire_sw_spi	48	static
u8x8_byte.c:312:6:u8x8_byte_set_ks0108_cs	16	static
u8x8_byte.c:322:9:u8x8_byte_ks0108	40	static
u8x8_byte.c:378:9:u8x8_byte_sed1520	32	static
u8x8_byte.c:441:13:i2c_delay	16	static
u8x8_byte.c:447:13:i2c_init	16	static
u8x8_byte.c:457:13:i2c_read_scl_and_delay	16	static
u8x8_byte.c:465:13:i2c_clear_scl	16	static
u8x8_byte.c:470:13:i2c_read_sda	16	static
u8x8_byte.c:476:13:i2c_clear_sda	16	static
u8x8_byte.c:482:13:i2c_start	16	static
u8x8_byte.c:500:13:i2c_stop	16	static
u8x8_byte.c:515:13:i2c_write_bit	16	static
u8x8_byte.c:527:13:i2c_read_bit	16	static
u8x8_byte.c:540:13:i2c_write_byte	16	static
u8x8_byte.c:617:9:u8x8_byte_sw_i2c	32	static
