u8g2_font.c:118:17:u8g2_font_get_word	0	static
u8g2_font.c:294:20:u8g2_add_vector_y	0	static
u8g2_font.c:315:20:u8g2_add_vector_x	0	static
u8g2_font.c:961:13:u8g2_font_calc_vref_font	0	static
u8g2_font.c:972:13:u8g2_font_calc_vref_bottom	0	static
u8g2_font.c:982:13:u8g2_font_calc_vref_top	0	static
u8g2_font.c:996:13:u8g2_font_calc_vref_center	0	static
u8g2_font.c:131:6:u8g2_read_font_info	16	static
u8g2_font.c:170:8:u8g2_GetFontSize	0	static
u8g2_font.c:202:9:u8g2_GetFontBBXWidth	0	static
u8g2_font.c:207:9:u8g2_GetFontBBXHeight	0	static
u8g2_font.c:213:8:u8g2_GetFontBBXOffX	0	static
u8g2_font.c:219:8:u8g2_GetFontBBXOffY	0	static
u8g2_font.c:225:9:u8g2_GetFontCapitalAHeight	0	static
u8g2_font.c:234:9:u8g2_font_decode_get_unsigned_bits	16	static
u8g2_font.c:450:13:u8g2_font_setup_decode	16	static
u8g2_font.c:279:8:u8g2_font_decode_get_signed_bits	8	static
u8g2_font.c:356:6:u8g2_font_decode_len	64	static
u8g2_font.c:484:8:u8g2_font_decode_glyph	48	static
u8g2_font.c:589:16:u8g2_font_get_glyph_data	0	static
u8g2_font.c:1072:13:u8g2_GetGlyphHorizontalProperties	16	static
u8g2_font.c:680:9:u8g2_IsGlyph	8	static
u8g2_font.c:689:8:u8g2_GetGlyphWidth	16	static
u8g2_font.c:1032:20:u8g2_string_width	32	static
u8g2_font.c:712:6:u8g2_SetFontMode	0	static
u8g2_font.c:717:13:u8g2_DrawGlyph	24	static
u8g2_font.c:742:20:u8g2_draw_string	32	static
u8g2_font.c:784:13:u8g2_DrawStr	4	static
u8g2_font.c:800:13:u8g2_DrawUTF8	4	static
u8g2_font.c:808:13:u8g2_DrawExtendedUTF8	48	static
u8g2_font.c:855:13:u8g2_DrawExtUTF8	48	static
u8g2_font.c:915:6:u8g2_UpdateRefHeight	8	static
u8g2_font.c:940:6:u8g2_SetFontRefHeightText	0	static
u8g2_font.c:946:6:u8g2_SetFontRefHeightExtendedText	0	static
u8g2_font.c:952:6:u8g2_SetFontRefHeightAll	0	static
u8g2_font.c:966:6:u8g2_SetFontPosBaseline	0	static
u8g2_font.c:977:6:u8g2_SetFontPosBottom	0	static
u8g2_font.c:991:6:u8g2_SetFontPosTop	0	static
u8g2_font.c:1006:6:u8g2_SetFontPosCenter	0	static
u8g2_font.c:1013:6:u8g2_SetFont	8	static
u8g2_font.c:1086:8:u8g2_GetStrX	24	static
u8g2_font.c:1169:13:u8g2_GetStrWidth	0	static
u8g2_font.c:1175:13:u8g2_GetExactStrWidth	48	static
u8g2_font.c:1191:13:u8g2_GetUTF8Width	0	static
u8g2_font.c:1199:6:u8g2_SetFontDirection	0	static
