u8g2_polygon.c:78:16:pge_Next	8	static
u8g2_polygon.c:126:16:pg_inc	0	static
u8g2_polygon.c:134:16:pg_dec	0	static
u8g2_polygon.c:142:13:pg_expand_min_y	16	static
u8g2_polygon.c:247:13:pg_line_init	32	static
u8g2_polygon.c:299:6:pg_ClearPolygonXY	0	static
u8g2_polygon.c:304:6:pg_AddPolygonXY	8	static
u8g2_polygon.c:314:6:pg_DrawPolygon	24	static
u8g2_polygon.c:323:6:u8g2_ClearPolygonXY	0	static
u8g2_polygon.c:328:6:u8g2_AddPolygonXY	0	static
u8g2_polygon.c:333:6:u8g2_DrawPolygon	0	static
u8g2_polygon.c:338:6:u8g2_DrawTriangle	16	static
